L 10/29/2024 - 03:49:10: SourceMod error session started
L 10/29/2024 - 03:49:10: Info (map "c1m1_hotel") (file "/home/louis/l4d2/left4dead2/addons/sourcemod/logs/errors_20241029.log")
L 10/29/2024 - 03:49:10: [SM] Failed to load plugin "nextmap.smx": Nextmap is incompatible with this game.
L 10/29/2024 - 03:49:10: [SM] Error parsing gameconfig file "/home/louis/l4d2/left4dead2/addons/sourcemod/gamedata/vscript.txt":
L 10/29/2024 - 03:49:10: [SM] Error 1 on line 0, col 0: Stream failed to open
L 10/29/2024 - 03:49:10: [SM] Exception reported: Unable to open vscript: File could not be opened: No such file or directory
L 10/29/2024 - 03:49:10: [SM] Blaming: vscript.smx
L 10/29/2024 - 03:49:10: [SM] Call stack trace:
L 10/29/2024 - 03:49:10: [SM]   [0] GameData.GameData
L 10/29/2024 - 03:49:10: [SM]   [1] Line 139, D:\l4d2\left4dead2\addons\sourcemod\scripting\vscript.sp::OnPluginStart
L 10/29/2024 - 03:49:10: [SM] Unable to load plugin "vscript.smx": Error detected in plugin startup (see error logs)
L 10/29/2024 - 03:49:10: [SM] Unable to load plugin "l4d2_sb_ai_improver.smx": Could not find required plugin "vscript"
L 10/29/2024 - 03:50:05: Error log file session closed.
L 10/29/2024 - 03:54:32: SourceMod error session started
L 10/29/2024 - 03:54:32: Info (map "c1m1_hotel") (file "/home/louis/l4d2/left4dead2/addons/sourcemod/logs/errors_20241029.log")
L 10/29/2024 - 03:54:32: [SM] Failed to load plugin "nextmap.smx": Nextmap is incompatible with this game.
L 10/29/2024 - 03:54:32: [SM] Error parsing gameconfig file "/home/louis/l4d2/left4dead2/addons/sourcemod/gamedata/vscript.txt":
L 10/29/2024 - 03:54:32: [SM] Error 1 on line 0, col 0: Stream failed to open
L 10/29/2024 - 03:54:32: [SM] Exception reported: Unable to open vscript: File could not be opened: No such file or directory
L 10/29/2024 - 03:54:32: [SM] Blaming: vscript.smx
L 10/29/2024 - 03:54:32: [SM] Call stack trace:
L 10/29/2024 - 03:54:32: [SM]   [0] GameData.GameData
L 10/29/2024 - 03:54:32: [SM]   [1] Line 139, D:\l4d2\left4dead2\addons\sourcemod\scripting\vscript.sp::OnPluginStart
L 10/29/2024 - 03:54:32: [SM] Unable to load plugin "vscript.smx": Error detected in plugin startup (see error logs)
L 10/29/2024 - 03:54:32: [SM] Unable to load plugin "l4d2_sb_ai_improver.smx": Could not find required plugin "vscript"
L 10/29/2024 - 03:54:53: Error log file session closed.
L 10/29/2024 - 04:02:38: SourceMod error session started
L 10/29/2024 - 04:02:38: Info (map "c1m1_hotel") (file "/home/louis/l4d2/left4dead2/addons/sourcemod/logs/errors_20241029.log")
L 10/29/2024 - 04:02:38: [SM] Failed to load plugin "nextmap.smx": Nextmap is incompatible with this game.
L 10/29/2024 - 04:03:42: Error log file session closed.
L 10/29/2024 - 04:07:22: SourceMod error session started
L 10/29/2024 - 04:07:22: Info (map "c1m1_hotel") (file "/home/louis/l4d2/left4dead2/addons/sourcemod/logs/errors_20241029.log")
L 10/29/2024 - 04:07:22: [SM] Failed to load plugin "nextmap.smx": Nextmap is incompatible with this game.
L 10/29/2024 - 04:08:01: Error log file session closed.
