L 10/20/2024 - 04:53:57: SourceMod log file session started (file "/home/louis/l4d2/left4dead2/addons/sourcemod/logs/L20241020.log") (Version "1.11.0.6969")
L 10/20/2024 - 04:53:57: [basecommands.smx] "Console<0><Console><Console>" changed cvar (cvar "survivor_friendly_fire_factor_easy") (value "0")
L 10/20/2024 - 04:53:57: [basecommands.smx] "Console<0><Console><Console>" changed cvar (cvar "survivor_friendly_fire_factor_expert") (value "0")
L 10/20/2024 - 04:53:57: [basecommands.smx] "Console<0><Console><Console>" changed cvar (cvar "survivor_friendly_fire_factor_hard") (value "0")
L 10/20/2024 - 04:53:57: [basecommands.smx] "Console<0><Console><Console>" changed cvar (cvar "survivor_friendly_fire_factor_normal") (value "0")
L 10/20/2024 - 04:53:57: [basecommands.smx] "Console<0><Console><Console>" changed cvar (cvar "sv_disable_glow_survivors") (value "0")
L 10/20/2024 - 04:53:57: [basecommands.smx] "Console<0><Console><Console>" changed cvar (cvar "sv_disable_glow_faritems") (value "0")
L 10/20/2024 - 04:53:57: [basecommands.smx] "Console<0><Console><Console>" changed cvar (cvar "sv_rescue_disabled") (value "0")
L 10/20/2024 - 04:53:57: [basecommands.smx] "Console<0><Console><Console>" changed cvar (cvar "mp_gamemode") (value "coop")
L 10/20/2024 - 04:53:57: [basecommands.smx] "Console<0><Console><Console>" changed cvar (cvar "pipe_bomb_timer_duration") (value "10")
L 10/20/2024 - 04:54:04: -------- Mapchange to c1m1_hotel --------
L 10/20/2024 - 04:54:06: [basecommands.smx] "Console<0><Console><Console>" changed cvar (cvar "survivor_friendly_fire_factor_easy") (value "0")
L 10/20/2024 - 04:54:06: [basecommands.smx] "Console<0><Console><Console>" changed cvar (cvar "survivor_friendly_fire_factor_expert") (value "0")
L 10/20/2024 - 04:54:06: [basecommands.smx] "Console<0><Console><Console>" changed cvar (cvar "survivor_friendly_fire_factor_hard") (value "0")
L 10/20/2024 - 04:54:06: [basecommands.smx] "Console<0><Console><Console>" changed cvar (cvar "survivor_friendly_fire_factor_normal") (value "0")
L 10/20/2024 - 04:54:06: [basecommands.smx] "Console<0><Console><Console>" changed cvar (cvar "sv_disable_glow_survivors") (value "0")
L 10/20/2024 - 04:54:06: [basecommands.smx] "Console<0><Console><Console>" changed cvar (cvar "sv_disable_glow_faritems") (value "0")
L 10/20/2024 - 04:54:06: [basecommands.smx] "Console<0><Console><Console>" changed cvar (cvar "sv_rescue_disabled") (value "0")
L 10/20/2024 - 04:54:06: [basecommands.smx] "Console<0><Console><Console>" changed cvar (cvar "mp_gamemode") (value "coop")
L 10/20/2024 - 04:54:06: [basecommands.smx] "Console<0><Console><Console>" changed cvar (cvar "pipe_bomb_timer_duration") (value "10")
