L 10/29/2024 - 03:49:12: SourceMod log file session started (file "/home/louis/l4d2/left4dead2/addons/sourcemod/logs/L20241029.log") (Version "1.12.0.7165")
L 10/29/2024 - 03:49:12: [basecommands.smx] "Console<0><Console><Console>" changed cvar (cvar "survivor_friendly_fire_factor_easy") (value "0")
L 10/29/2024 - 03:49:12: [basecommands.smx] "Console<0><Console><Console>" changed cvar (cvar "survivor_friendly_fire_factor_expert") (value "0")
L 10/29/2024 - 03:49:12: [basecommands.smx] "Console<0><Console><Console>" changed cvar (cvar "survivor_friendly_fire_factor_hard") (value "0")
L 10/29/2024 - 03:49:12: [basecommands.smx] "Console<0><Console><Console>" changed cvar (cvar "survivor_friendly_fire_factor_normal") (value "0")
L 10/29/2024 - 03:49:12: [basecommands.smx] "Console<0><Console><Console>" changed cvar (cvar "precache_all_survivors") (value "1")
L 10/29/2024 - 03:49:12: [basecommands.smx] "Console<0><Console><Console>" changed cvar (cvar "sv_consistency") (value "0")
L 10/29/2024 - 03:49:12: [basecommands.smx] "Console<0><Console><Console>" changed cvar (cvar "sv_quota_stringcmdspersecond") (value "999999")
L 10/29/2024 - 03:49:12: [basecommands.smx] "Console<0><Console><Console>" changed cvar (cvar "survivor_revive_duration") (value "1")
L 10/29/2024 - 03:50:05: -------- Mapchange to c1m1_hotel --------
L 10/29/2024 - 03:50:07: [basecommands.smx] "Console<0><Console><Console>" changed cvar (cvar "survivor_friendly_fire_factor_easy") (value "0")
L 10/29/2024 - 03:50:07: [basecommands.smx] "Console<0><Console><Console>" changed cvar (cvar "survivor_friendly_fire_factor_expert") (value "0")
L 10/29/2024 - 03:50:07: [basecommands.smx] "Console<0><Console><Console>" changed cvar (cvar "survivor_friendly_fire_factor_hard") (value "0")
L 10/29/2024 - 03:50:07: [basecommands.smx] "Console<0><Console><Console>" changed cvar (cvar "survivor_friendly_fire_factor_normal") (value "0")
L 10/29/2024 - 03:50:07: [basecommands.smx] "Console<0><Console><Console>" changed cvar (cvar "precache_all_survivors") (value "1")
L 10/29/2024 - 03:50:07: [basecommands.smx] "Console<0><Console><Console>" changed cvar (cvar "sv_consistency") (value "0")
L 10/29/2024 - 03:50:07: [basecommands.smx] "Console<0><Console><Console>" changed cvar (cvar "sv_quota_stringcmdspersecond") (value "999999")
L 10/29/2024 - 03:50:07: [basecommands.smx] "Console<0><Console><Console>" changed cvar (cvar "survivor_revive_duration") (value "1")
L 10/29/2024 - 03:54:35: SourceMod log file session started (file "/home/louis/l4d2/left4dead2/addons/sourcemod/logs/L20241029.log") (Version "1.12.0.7165")
L 10/29/2024 - 03:54:35: [basecommands.smx] "Console<0><Console><Console>" changed cvar (cvar "survivor_friendly_fire_factor_easy") (value "0")
L 10/29/2024 - 03:54:35: [basecommands.smx] "Console<0><Console><Console>" changed cvar (cvar "survivor_friendly_fire_factor_expert") (value "0")
L 10/29/2024 - 03:54:35: [basecommands.smx] "Console<0><Console><Console>" changed cvar (cvar "survivor_friendly_fire_factor_hard") (value "0")
L 10/29/2024 - 03:54:35: [basecommands.smx] "Console<0><Console><Console>" changed cvar (cvar "survivor_friendly_fire_factor_normal") (value "0")
L 10/29/2024 - 03:54:35: [basecommands.smx] "Console<0><Console><Console>" changed cvar (cvar "precache_all_survivors") (value "1")
L 10/29/2024 - 03:54:35: [basecommands.smx] "Console<0><Console><Console>" changed cvar (cvar "sv_consistency") (value "0")
L 10/29/2024 - 03:54:35: [basecommands.smx] "Console<0><Console><Console>" changed cvar (cvar "sv_quota_stringcmdspersecond") (value "999999")
L 10/29/2024 - 03:54:35: [basecommands.smx] "Console<0><Console><Console>" changed cvar (cvar "survivor_revive_duration") (value "1")
L 10/29/2024 - 03:54:53: -------- Mapchange to c1m1_hotel --------
L 10/29/2024 - 03:54:54: [basecommands.smx] "Console<0><Console><Console>" changed cvar (cvar "survivor_friendly_fire_factor_easy") (value "0")
L 10/29/2024 - 03:54:54: [basecommands.smx] "Console<0><Console><Console>" changed cvar (cvar "survivor_friendly_fire_factor_expert") (value "0")
L 10/29/2024 - 03:54:54: [basecommands.smx] "Console<0><Console><Console>" changed cvar (cvar "survivor_friendly_fire_factor_hard") (value "0")
L 10/29/2024 - 03:54:54: [basecommands.smx] "Console<0><Console><Console>" changed cvar (cvar "survivor_friendly_fire_factor_normal") (value "0")
L 10/29/2024 - 03:54:54: [basecommands.smx] "Console<0><Console><Console>" changed cvar (cvar "precache_all_survivors") (value "1")
L 10/29/2024 - 03:54:54: [basecommands.smx] "Console<0><Console><Console>" changed cvar (cvar "sv_consistency") (value "0")
L 10/29/2024 - 03:54:54: [basecommands.smx] "Console<0><Console><Console>" changed cvar (cvar "sv_quota_stringcmdspersecond") (value "999999")
L 10/29/2024 - 03:54:54: [basecommands.smx] "Console<0><Console><Console>" changed cvar (cvar "survivor_revive_duration") (value "1")
L 10/29/2024 - 04:02:40: SourceMod log file session started (file "/home/louis/l4d2/left4dead2/addons/sourcemod/logs/L20241029.log") (Version "1.12.0.7165")
L 10/29/2024 - 04:02:40: [basecommands.smx] "Console<0><Console><Console>" changed cvar (cvar "survivor_friendly_fire_factor_easy") (value "0")
L 10/29/2024 - 04:02:40: [basecommands.smx] "Console<0><Console><Console>" changed cvar (cvar "survivor_friendly_fire_factor_expert") (value "0")
L 10/29/2024 - 04:02:40: [basecommands.smx] "Console<0><Console><Console>" changed cvar (cvar "survivor_friendly_fire_factor_hard") (value "0")
L 10/29/2024 - 04:02:40: [basecommands.smx] "Console<0><Console><Console>" changed cvar (cvar "survivor_friendly_fire_factor_normal") (value "0")
L 10/29/2024 - 04:02:40: [basecommands.smx] "Console<0><Console><Console>" changed cvar (cvar "precache_all_survivors") (value "1")
L 10/29/2024 - 04:02:40: [basecommands.smx] "Console<0><Console><Console>" changed cvar (cvar "sv_consistency") (value "0")
L 10/29/2024 - 04:02:40: [basecommands.smx] "Console<0><Console><Console>" changed cvar (cvar "sv_quota_stringcmdspersecond") (value "999999")
L 10/29/2024 - 04:02:40: [basecommands.smx] "Console<0><Console><Console>" changed cvar (cvar "survivor_revive_duration") (value "1")
L 10/29/2024 - 04:03:42: -------- Mapchange to c1m1_hotel --------
L 10/29/2024 - 04:03:43: [basecommands.smx] "Console<0><Console><Console>" changed cvar (cvar "survivor_friendly_fire_factor_easy") (value "0")
L 10/29/2024 - 04:03:43: [basecommands.smx] "Console<0><Console><Console>" changed cvar (cvar "survivor_friendly_fire_factor_expert") (value "0")
L 10/29/2024 - 04:03:43: [basecommands.smx] "Console<0><Console><Console>" changed cvar (cvar "survivor_friendly_fire_factor_hard") (value "0")
L 10/29/2024 - 04:03:43: [basecommands.smx] "Console<0><Console><Console>" changed cvar (cvar "survivor_friendly_fire_factor_normal") (value "0")
L 10/29/2024 - 04:03:43: [basecommands.smx] "Console<0><Console><Console>" changed cvar (cvar "precache_all_survivors") (value "1")
L 10/29/2024 - 04:03:43: [basecommands.smx] "Console<0><Console><Console>" changed cvar (cvar "sv_consistency") (value "0")
L 10/29/2024 - 04:03:43: [basecommands.smx] "Console<0><Console><Console>" changed cvar (cvar "sv_quota_stringcmdspersecond") (value "999999")
L 10/29/2024 - 04:03:43: [basecommands.smx] "Console<0><Console><Console>" changed cvar (cvar "survivor_revive_duration") (value "1")
L 10/29/2024 - 04:07:25: SourceMod log file session started (file "/home/louis/l4d2/left4dead2/addons/sourcemod/logs/L20241029.log") (Version "1.12.0.7165")
L 10/29/2024 - 04:07:25: [basecommands.smx] "Console<0><Console><Console>" changed cvar (cvar "survivor_friendly_fire_factor_easy") (value "0")
L 10/29/2024 - 04:07:25: [basecommands.smx] "Console<0><Console><Console>" changed cvar (cvar "survivor_friendly_fire_factor_expert") (value "0")
L 10/29/2024 - 04:07:25: [basecommands.smx] "Console<0><Console><Console>" changed cvar (cvar "survivor_friendly_fire_factor_hard") (value "0")
L 10/29/2024 - 04:07:25: [basecommands.smx] "Console<0><Console><Console>" changed cvar (cvar "survivor_friendly_fire_factor_normal") (value "0")
L 10/29/2024 - 04:07:25: [basecommands.smx] "Console<0><Console><Console>" changed cvar (cvar "precache_all_survivors") (value "1")
L 10/29/2024 - 04:07:25: [basecommands.smx] "Console<0><Console><Console>" changed cvar (cvar "sv_consistency") (value "0")
L 10/29/2024 - 04:07:25: [basecommands.smx] "Console<0><Console><Console>" changed cvar (cvar "sv_quota_stringcmdspersecond") (value "999999")
L 10/29/2024 - 04:07:25: [basecommands.smx] "Console<0><Console><Console>" changed cvar (cvar "survivor_revive_duration") (value "1")
L 10/29/2024 - 04:08:01: -------- Mapchange to c1m1_hotel --------
L 10/29/2024 - 04:08:02: [basecommands.smx] "Console<0><Console><Console>" changed cvar (cvar "survivor_friendly_fire_factor_easy") (value "0")
L 10/29/2024 - 04:08:02: [basecommands.smx] "Console<0><Console><Console>" changed cvar (cvar "survivor_friendly_fire_factor_expert") (value "0")
L 10/29/2024 - 04:08:02: [basecommands.smx] "Console<0><Console><Console>" changed cvar (cvar "survivor_friendly_fire_factor_hard") (value "0")
L 10/29/2024 - 04:08:02: [basecommands.smx] "Console<0><Console><Console>" changed cvar (cvar "survivor_friendly_fire_factor_normal") (value "0")
L 10/29/2024 - 04:08:02: [basecommands.smx] "Console<0><Console><Console>" changed cvar (cvar "precache_all_survivors") (value "1")
L 10/29/2024 - 04:08:02: [basecommands.smx] "Console<0><Console><Console>" changed cvar (cvar "sv_consistency") (value "0")
L 10/29/2024 - 04:08:02: [basecommands.smx] "Console<0><Console><Console>" changed cvar (cvar "sv_quota_stringcmdspersecond") (value "999999")
L 10/29/2024 - 04:08:02: [basecommands.smx] "Console<0><Console><Console>" changed cvar (cvar "survivor_revive_duration") (value "1")
